
 make.py started: 2018-06-21 19:03:01 /Users/gentzkow/Dropbox (Personal)/temp/template-mg/data/code 




Execute:  statamp -e do "./create_data.do"

  ___  ____  ____  ____  ____ (R)
 /__    /   ____/   /   ____/
___/   /   /___/   /   /___/   14.2   Copyright 1985-2015 StataCorp LLC
  Statistics/Data Analysis            StataCorp
                                      4905 Lakeway Drive
     MP - Parallel Edition            College Station, Texas 77845 USA
                                      800-STATA-PC        http://www.stata.com
                                      979-696-4600        stata@stata.com
                                      979-696-4601 (fax)

8-user 4-core Stata network perpetual license:
       Serial number:  501406225577
         Licensed to:  Matthew Gentzkow
                       Stanford University

Notes:
      1.  Stata is running in batch mode.
      2.  Unicode is supported; see help unicode_advice.
      3.  More than 2 billion observations are allowed; see help obs_advice.
      4.  Maximum number of variables is set to 5000; see help set_maxvar.

. do ./create_data.do 

. version 14

. set more off

. preliminaries

. 
. set obs 300000
number of observations (_N) was 0, now 300,000

. gen x = _n

. export delimited "../output/data.txt", delimiter("|") replace
(note: file ../output/data.txt not found)
file ../output/data.txt saved

. 
end of do-file

 make.py ended: 2018-06-21 19:03:03
